// Jest Snapshot v1, https://goo.gl/fbAQLP

exports[`App matches the snapshot 1`] = `
<section>
  <Connect(Map) />
  <Connect(FavouritesList) />
</section>
`;
